╭────────────────────────────────────────────────────────────────────────────────╮
│                                                                                │
│  Fake Source                                                                   │
│                                                                                │
│  / search...                    │  Item whose detail fails to load             │
│                                 │                                              │
│  󰅂 Item whose detail fails to lo│  detail failed: network unreachable          │
│                                 │                                              │
│                                 │                                              │
│                                 │                                              │
│                                 │                                              │
│                                 │                                              │
│                                 │                                              │
│                                 │                                              │
│                                 │                                              │
│                                 │                                              │
│                                 │                                              │
│                                                                                │
│                                                                                │
│  j/k navigate  / search  O open  enter select  esc cancel                      │
│                                                                                │
╰────────────────────────────────────────────────────────────────────────────────╯