╭────────────────────────────────────────────────────────────────────────────────╮
│   Fake Source                                                      test-repo  │
│────────────────────────────────────────────────────────────────────────────────│
│                                                                                │
│                                                                                │
│                                                                                │
│                                                                                │
│                                                                                │
│                                                                                │
│                                      [!]                                       │
│                              network unreachable                               │
│                       r to retry · tab to switch source                        │
│                                                                                │
│                                                                                │
│                                                                                │
│                                                                                │
│                                                                                │
│                                                                                │
│                                                                                │
│                                                                                │
│  r retry · tab switch source · esc close                                       │
╰────────────────────────────────────────────────────────────────────────────────╯