╭────────────────────────────────────────────────────────────────────────────────╮
│   Fake Table Source                                                test-repo  │
│────────────────────────────────────────────────────────────────────────────────│
│  / filter fake table source…                                                2  │
│────────────────────────────────────────────────────────────────────────────────│
│  ┃ #1     Fix bug                        open                                  │
│    #2     Add feature                    closed                                │
│                                                                                │
│                                                                                │
│                                                                                │
│                                                                                │
│                                                                                │
│                                                                                │
│                                                                                │
│                                                                                │
│                                                                                │
│                                                                                │
│                                                                                │
│                                                                                │
│                                                                                │
│  tab switch source • / filter • j/k navigate • enter select • esc close        │
╰────────────────────────────────────────────────────────────────────────────────╯