╭────────────────────────────────────────────────────────────────────────────────╮
│  Fake Pull Requests                                                 test-repo │
│────────────────────────────────────────────────────────────────────────────────│
│ / filter fake pull requests…                                                 3 │
│────────────────────────────────────────────────────────────────────────────────│
│ ┃ #366 feat: connectors vertical slice with a title long enough to t… @hay-kot │
│ ┃       · draft · 3w ·  #342 ·  @hay-kot                    [tui] [sources] │
│   #359 fix: stop KV filter from swallowing keys on other views        @hay-kot │
│         · approved · 5d                                                 [bug] │
│   #351 refactor: source registry ordering                         @contributor │
│         · changes requested · 2d ·  @alice +2                                │
│                                                                                │
│                                                                                │
│                                                                                │
│                                                                                │
│                                                                                │
│                                                                                │
│                                                                                │
│                                                                                │
│                                                                                │
│ tab switch source • / filter • j/k navigate • enter select • O open • esc close│
╰────────────────────────────────────────────────────────────────────────────────╯