╭────────────────────────────────────────────────────────────────────────────────╮
│                                                                                │
│  Fake Pull Requests                                                            │
│                                                                                │
│  / search...                                                                   │
│                                                                                │
│  󰅂 #1315  feat(adaptivelogsap… Johngeorgesam… approved           ✓ passing     │
│    #1313  [DRAFT] OTel fleet … MasslessParti… draft              ● pending     │
│    #1312  feat(fleet-otel): w… MasslessParti… open               ✗ failing     │
│                                                                                │
│                                                                                │
│                                                                                │
│                                                                                │
│                                                                                │
│                                                                                │
│                                                                                │
│                                                                                │
│                                                                                │
│                                                                                │
│  j/k navigate  / search  O open  enter select  esc cancel                      │
│                                                                                │
╰────────────────────────────────────────────────────────────────────────────────╯