╭────────────────────────────────────────────────────────────────────────────────╮
│  Fake Pull Requests                                                 test-repo │
│────────────────────────────────────────────────────────────────────────────────│
│ / filter fake pull requests…                                                 3 │
│────────────────────────────────────────────────────────────────────────────────│
│ ┃ #1315  feat(adaptivelogsapi): … Johngeorgesam… approved           ✓ passing  │
│   #1313  [DRAFT] OTel fleet pipe… MasslessParti… draft              ● pending  │
│   #1312  feat(fleet-otel): warn … MasslessParti… open               ✗ failing  │
│                                                                                │
│                                                                                │
│                                                                                │
│                                                                                │
│                                                                                │
│                                                                                │
│                                                                                │
│                                                                                │
│                                                                                │
│                                                                                │
│                                                                                │
│                                                                                │
│ tab switch source • / filter • j/k navigate • enter select • O open • esc close│
╰────────────────────────────────────────────────────────────────────────────────╯