╭────────────────────────────────────────────────────────────────────────────────╮
│  Fake Source                                                        test-repo │
│────────────────────────────────────────────────────────────────────────────────│
│ / filter fake source…                                                        0 │
│────────────────────────────────────────────────────────────────────────────────│
│                                                                                │
│                                                                                │
│                                                                                │
│                                                                                │
│                                                                                │
│                                      [!]                                       │
│                              network unreachable                               │
│                          r retry • tab switch source                           │
│                                                                                │
│                                                                                │
│                                                                                │
│                                                                                │
│                                                                                │
│                                                                                │
│                                                                                │
│ r retry • tab switch source • esc close                                        │
╰────────────────────────────────────────────────────────────────────────────────╯