╭────────────────────────────────────────────────────────────────────────────────╮
│  Fake Source                                                        test-repo │
│────────────────────────────────────────────────────────────────────────────────│
│ / filter fake source…                                                        2 │
│────────────────────────────────────────────────────────────────────────────────│
│ ┃ #1278 First reference item [api] [public]                             @alice │
│   #1277 Second reference item [backend]                                   @bob │
│                                                                                │
│                                                                                │
│                                                                                │
│                                                                                │
│                                                                                │
│                                                                                │
│                                                                                │
│                                                                                │
│                                                                                │
│                                                                                │
│                                                                                │
│                                                                                │
│                                                                                │
│ tab switch source • / filter • j/k navigate • enter select • esc close         │
╰────────────────────────────────────────────────────────────────────────────────╯