╭──────────────────────────────────────────────────────────────────────────────────────────╮
│  Issues   Pull Requests   Review Queue                                        test-repo │
│──────────────────────────────────────────────────────────────────────────────────────────│
│ search disabled for saved views                                                        1 │
│──────────────────────────────────────────────────────────────────────────────────────────│
│ ┃   #412 feat: make source views available across repositories              @contributor │
│ ┃        4h ·  @reviewer                                                [sources] [tui] │
│                                                                                          │
│                                                                                          │
│                                                                                          │
│                                                                                          │
│                                                                                          │
│                                                                                          │
│                                                                                          │
│                                                                                          │
│                                                                                          │
│                                                                                          │
│                                                                                          │
│                                                                                          │
│                                                                                          │
│ tab switch source • space mark • enter select • O open • esc close                       │
╰──────────────────────────────────────────────────────────────────────────────────────────╯