╭──────────────────────────────────────────────────────────────────────────────────────────╮
│  Issues   Pull Requests   Triage                                              test-repo │
│──────────────────────────────────────────────────────────────────────────────────────────│
│ search disabled for saved views                                                        0 │
│──────────────────────────────────────────────────────────────────────────────────────────│
│                                                                                          │
│                                                                                          │
│                                                                                          │
│                                                                                          │
│                                                                                          │
│                                                                                          │
│                                             ○                                            │
│                               No open triage in test-repo.                               │
│                                                                                          │
│                                                                                          │
│                                                                                          │
│                                                                                          │
│                                                                                          │
│                                                                                          │
│                                                                                          │
│ tab switch source • space mark • enter select • O open • esc close                       │
╰──────────────────────────────────────────────────────────────────────────────────────────╯