╭────────────────────────────────────────────────────────────────────────────────╮
│   Fake Source                                                      test-repo  │
│────────────────────────────────────────────────────────────────────────────────│
│  / filter fake source…                                                      0  │
│────────────────────────────────────────────────────────────────────────────────│
│                                                                                │
│                                                                                │
│                                                                                │
│                                                                                │
│                                                                                │
│                                                                                │
│                                       ○                                        │
│                       No open fake source in test-repo.                        │
│                                                                                │
│                                                                                │
│                                                                                │
│                                                                                │
│                                                                                │
│                                                                                │
│                                                                                │
│  tab switch source • / filter • j/k navigate • enter select • esc close        │
╰────────────────────────────────────────────────────────────────────────────────╯