 1                                                                              
 2     Test Document                                                            
 3                                                                              
 4    This is a test document with multiple lines. Line 4 has some content.     
 5    Line 5 has more content.                                                  
 6                                                                              
 7    ## Section 2                                                              
 8                                                                              
 9    Additional content in section 2. Last line of the document.               
                                                                                
                                                                                
                                                                                
                                                                                
                                                                                
                                                                                
                                                                                
                                                                                
                                                                                
                                                                                
                                                                                
                                                                                
                                                                                
                                                                                
 NORMAL  V:visual • p:picker • n/N:navigate • e:edit • d:delete • /:search • f:finalize • esc:close  Line 1/9 