                                             
                                             
    No document selected                     
                                             
    Press 'p' to open document picker        
    Press 'tab' to switch to another view    
                                             
                                             