  docs                   │                                                      
┃   .hive                │  Navigate to a document or press enter to open       
      plans              │                                                      
    └─  feature-a.md     │                                                      
      research           │                                                      
    └─  api-design.md    │                                                      
                         │                                                      
                         │                                                      
                         │                                                      
                         │                                                      
                         │                                                      
                         │                                                      
                         │                                                      
                         │                                                      
                         │                                                      
                         │                                                      
                         │                                                      
                         │                                                      
                         │                                                      
────────────────────────────────────────────────────────────────────────────────
 j/k navigate  •  space expand  •  enter focus  •  v preview  •  / search       