┃   .hive                │                                                      
      plans              │  Select a document with enter                        
    └─  feature-a.md     │                                                      
      research           │                                                      
    └─  api-design.md    │                                                      
                         │                                                      
                         │                                                      
                         │                                                      
                         │                                                      
                         │                                                      
                         │                                                      
                         │                                                      
                         │                                                      
                         │                                                      
                         │                                                      
                         │                                                      
                         │                                                      
                         │                                                      
                         │                                                      
                         │                                                      
                         │                                                      
                         │                                                      
                         │                                                      
j/k navigate  •  space expand  •  enter open