Add Review Comment
                  
Lines 1-30
          
Line A with some context text that is longer
Line B with some context text that is longer
Line C with some context text that is longer
Line D with some context text that is longer
Line E with some context text that is longer
Line F with some context text that is longer
Line G with some context text that is longer
Line H with some context text that is longer
Line I with some context text that is longer
Line J with some context text that is longer
Line K with some context text that is longer
Line L with some context text that is longer
Line M with some context text that is longer
Line N with some context text that is longer
Line O with some context text that is longer
Line P with some context text that is longer
Line Q with some context text that is longer
Line R with some context text that is longer
Line S with some context text that is longer
Line T with some context text that is longer
...                                         
Line B with some context text that is longer
Line C with some context text that is longer
Line D with some context text that is longer
                                            
┃ Enter your review comment...                                        
┃                                                                     
┃                                                                     
┃                                                                     
┃                                                                     
                                       
ctrl+enter/ctrl+s: submit • esc: cancel