╭───────────────────────────────────────────────────────────────────╮
│                                                                   │
│  Select Document                                                  │
│                                                                   │
│  > feature-a                                                      │
│                                                                   │
│    Plan                                                           │
│  ┃ ├─ .hive/plans/feature-a.md                                    │
│    └─ .hive/plans/feature-a-spec.md                               │
│                                                                   │
│                                                                   │
│                                                                   │
│                                                                   │
│                                                                   │
│                                                                   │
│                                                                   │
│                                                                   │
│                                                                   │
│                                                                   │
│                                                                   │
│                                                                   │
│                                                                   │
│  ↑/↓ navigate  enter select  esc cancel                           │
│                                                                   │
╰───────────────────────────────────────────────────────────────────╯