Add Review Comment
                  
Lines 10-14
           
func main() {           
    fmt.Println("Hello")
    fmt.Println("World")
    return              
}                       
                        
> Enter your review comment...                                           
                           
enter: submit • esc: cancel