  test.go [38;2;86;95;137m(-0, +3)[m                                                             
────────────────────────────────────────────────────────────────────────────────
[38;2;86;95;137m│   │ [m--- test.go                                                               
[38;2;86;95;137m│   │ [m+++ test.go                                                               
[38;2;86;95;137m│   │ [m[48;2;59;66;97m@@ -1,2 +1,5 @@[m                                                           
[38;2;86;95;137m│   │ [m[48;2;59;66;97m [38;2;249;38;114mpackage[38;2;248;248;242m [38;2;255;255;255mmain[0m[m                                                             
[38;2;122;162;247m│ ▶ │ [m[48;2;59;66;97m[48;2;0;40;0m+[38;2;249;38;114mimport[38;2;248;248;242m [38;2;230;219;116m"fmt"[0m[48;2;0;40;0m[0K[0m[m                                                             
[38;2;86;95;137m│   │ [m[48;2;0;40;0m+[38;2;249;38;114mimport[38;2;248;248;242m [38;2;230;219;116m"os"[0m[48;2;0;40;0m[0K[0m                                                              
[38;2;86;95;137m│   │ [m[48;2;0;40;0m+[0m[48;2;0;40;0m[0K[0m                                                                         
[38;2;86;95;137m│   │ [m [38;2;102;217;239mfunc[38;2;248;248;242m [38;2;166;226;46mmain[38;2;248;248;242m() {[0m                                                            
[38;2;86;95;137m│   │ [m                                                                          