╭────────────────────────────────────────────────────────────────────────────────╮
│                                                                                │
│  Fake Connector                                                                │
│                                                                                │
│  / search...                    │  Item with markdown detail                   │
│                                 │  #42  @alice  [docs]  [preview]              │
│  󰅂 Item with markdown detail    │                                              │
│    #42  @alice  [docs]  [preview│   Heading                                    │
│                                 │                                              │
│                                 │  Some body text.                             │
│                                 │                                              │
│                                 │                                              │
│                                 │                                              │
│                                 │                                              │
│                                 │                                              │
│                                 │                                              │
│                                 │                                              │
│                                                                                │
│                                                                                │
│  j/k navigate  / search  O open  enter select  esc cancel                      │
│                                                                                │
╰────────────────────────────────────────────────────────────────────────────────╯