╭────────────────────────────────────────────────────────────────────────────────╮
│                                                                                │
│  Fake Connector                                                                │
│                                                                                │
│  / search...                    │  First reference item                        │
│                                 │  #1278  @alice  [api]  [public]              │
│  󰅂 First reference item         │                                              │
│    #1278  @alice  [api]  [public│  (no detail available for this item)         │
│                                 │                                              │
│    Second reference item        │                                              │
│    #1277  @bob  [backend]       │                                              │
│                                 │                                              │
│                                 │                                              │
│                                 │                                              │
│                                 │                                              │
│                                 │                                              │
│                                 │                                              │
│                                                                                │
│                                                                                │
│  ↑/↓ navigate  ctrl+u/d scroll detail  enter select  esc cancel                │
│                                                                                │
╰────────────────────────────────────────────────────────────────────────────────╯