╭────────────────────────────────────────────────────────────────────────────────╮
│                                                                                │
│  Fake Connector                                                                │
│                                                                                │
│  / search...                    │                                              │
│                                 │                                              │
│  no results                     │                                              │
│                                 │                                              │
│                                 │                                              │
│                                 │                                              │
│                                 │                                              │
│                                 │                                              │
│                                 │                                              │
│                                 │                                              │
│                                 │                                              │
│                                 │                                              │
│                                 │                                              │
│                                                                                │
│                                                                                │
│  j/k navigate  / search  O open  enter select  esc cancel                      │
│                                                                                │
╰────────────────────────────────────────────────────────────────────────────────╯