╭────────────────────────────────────────────────────────────────────────────────╮
│                                                                                │
│  Fake Connector                                                                │
│                                                                                │
│  / search...                    │  Item whose detail fails to load             │
│                                 │                                              │
│  󰅂 Item whose detail fails to lo│  detail failed: network unreachable          │
│                                 │                                              │
│                                 │                                              │
│                                 │                                              │
│                                 │                                              │
│                                 │                                              │
│                                 │                                              │
│                                 │                                              │
│                                 │                                              │
│                                 │                                              │
│                                 │                                              │
│                                                                                │
│                                                                                │
│  ↑/↓ navigate  ctrl+u/d scroll detail  enter select  esc cancel                │
│                                                                                │
╰────────────────────────────────────────────────────────────────────────────────╯