╭────────────────────────────────────────────────────────────────────────────────────────╮
│                                                                                        │
│  Fake Connector                                                                        │
│                                                                                        │
│  / search...                    Heading                                                │
│                                                                                        │
│  ▸ Item with markdown detail   Some body text.                                         │
│                                                                                        │
│                                                                                        │
│  ↑/↓ navigate  enter select  esc cancel                                                │
│                                                                                        │
╰────────────────────────────────────────────────────────────────────────────────────────╯