╭──────────────────────────────────────────────────────────────────────────────────────────╮
│                                                                                          │
│  Fake Connector                                                                          │
│                                                                                          │
│  / search...                                                                             │
│                                                                                          │
│  no results                                                                              │
│                                                                                          │
│                                                                                          │
│  ↑/↓ navigate  enter select  esc cancel                                                  │
│                                                                                          │
╰──────────────────────────────────────────────────────────────────────────────────────────╯