╭──────────────────────────────────────────────────────────────────────────────────────────╮
│                                                                                          │
│  Fake Connector                                                                          │
│                                                                                          │
│  / search...                     (no detail available for this item)                     │
│                                                                                          │
│  ▸ First reference item  status                                                          │
│    Second reference item  statu                                                          │
│                                                                                          │
│                                                                                          │
│  ↑/↓ navigate  enter select  esc cancel                                                  │
│                                                                                          │
╰──────────────────────────────────────────────────────────────────────────────────────────╯