╭────────────────────────────────────────────────────────────────────────────────╮
│                                                                                │
│  Fake Pull Requests                                                            │
│                                                                                │
│  / search...                                                                   │
│                                                                                │
│  󰅂 1315   feat(adaptivelogsapi): add pat… Johngeorgesam… approved              │
│    1313   [DRAFT] OTel fleet pipeline in… MasslessParti… draft                 │
│    1312   feat(fleet-otel): warn and emi… MasslessParti… open                  │
│                                                                                │
│                                                                                │
│                                                                                │
│                                                                                │
│                                                                                │
│                                                                                │
│                                                                                │
│                                                                                │
│                                                                                │
│                                                                                │
│  ↑/↓ navigate  enter select  esc cancel                                        │
│                                                                                │
╰────────────────────────────────────────────────────────────────────────────────╯