╭─────────────────────────────────────────────╮
│                                             │
│  Confirm                                    │
│                                             │
│  Permanently delete 3 recycled session(s)?  │
│                                             │
│   Confirm    Cancel                         │
│                                             │
│  ←/→ select  enter confirm  esc cancel      │
│                                             │
╰─────────────────────────────────────────────╯