╭──────────────────────────────────────────────────────────────────────────────────────────╮
│                                                                                          │
│  Fake Connector                                                                          │
│                                                                                          │
│  / search...                     Metadata                                                │
│                                  status: open                                            │
│  ▸ Item with kv detail           owner: alice                                            │
│                                                                                          │
│                                                                                          │
│  ↑/↓ navigate  enter select  esc cancel                                                  │
│                                                                                          │
╰──────────────────────────────────────────────────────────────────────────────────────────╯