╭────────────────────────────────────────────────────────────────────────────────╮
│                                                                                │
│  Fake Connector                                                                │
│                                                                                │
│  / search...                    │                                              │
│                                 │                                              │
│  no results                     │                                              │
│                                 │                                              │
│                                 │                                              │
│                                 │                                              │
│                                 │                                              │
│                                 │                                              │
│                                 │                                              │
│                                 │                                              │
│                                 │                                              │
│                                 │                                              │
│                                 │                                              │
│                                                                                │
│                                                                                │
│  ↑/↓ navigate  ctrl+u/d scroll detail  enter select  esc cancel                │
│                                                                                │
╰────────────────────────────────────────────────────────────────────────────────╯