╭──────────────────────────────────────────────────────────────────────────────────────────╮
│                                                                                          │
│  Fake Connector                                                                          │
│                                                                                          │
│  / search...                     detail failed: network unreachable                      │
│                                                                                          │
│  ▸ Item whose detail fails to l                                                          │
│                                                                                          │
│                                                                                          │
│  ↑/↓ navigate  enter select  esc cancel                                                  │
│                                                                                          │
╰──────────────────────────────────────────────────────────────────────────────────────────╯