╭────────────────────────────────────────────────────────────────────────────────────────╮
│                                                                                        │
│  Fake Table Connector                                                                  │
│                                                                                        │
│  / search...                                         (no detail available for this     │
│                                                      item)                             │
│  ▸ 1      Fix bug                        open                                          │
│    2      Add feature                    closed                                        │
│                                                                                        │
│                                                                                        │
│  ↑/↓ navigate  enter select  esc cancel                                                │
│                                                                                        │
╰────────────────────────────────────────────────────────────────────────────────────────╯