╭────────────────────────────────────────────────────────────────────────────────────────╮
│                                                                                        │
│  Fake Connector                                                                        │
│                                                                                        │
│  / search...                   detail failed: network unreachable                      │
│                                                                                        │
│  ▸ Item whose detail fails to                                                          │
│                                                                                        │
│                                                                                        │
│  ↑/↓ navigate  enter select  esc cancel                                                │
│                                                                                        │
╰────────────────────────────────────────────────────────────────────────────────────────╯