╭────────────────────────────────────────────────────────────────────────────────────────╮
│                                                                                        │
│  Fake Connector                                                                        │
│                                                                                        │
│  / search...                   (no detail available for this item)                     │
│                                                                                        │
│  ▸ First reference item  stat                                                          │
│    Second reference item  sta                                                          │
│                                                                                        │
│                                                                                        │
│  ↑/↓ navigate  enter select  esc cancel                                                │
│                                                                                        │
╰────────────────────────────────────────────────────────────────────────────────────────╯